// Jest Snapshot v1, https://goo.gl/fbAQLP

exports[`codegen <div><p>hi,</p>{{message}}</div> 1`] = `
"const { createElementVNode: _createElementVNode, toDisplayString: _toDisplayString } = Vue
return function render(_ctx, _cache){ return _createElementVNode('div', null, [_createElementVNode(p, null, 'hi,'), _toDisplayString(_ctx.message)]); }"
`;

exports[`codegen <div>hi,{{message}}</div> 1`] = `
"const { toDisplayString: _toDisplayString, createElementVNode: _createElementVNode } = Vue
return function render(_ctx, _cache){ return _createElementVNode('div', null, 'hi,' + _toDisplayString(_ctx.message)); }"
`;

exports[`codegen {{message}} 1`] = `
"const { toDisplayString: _toDisplayString } = Vue
return function render(_ctx, _cache){ return _toDisplayString(_ctx.message); }"
`;

exports[`codegen string 1`] = `"return function render(_ctx, _cache){ return 'hi'; }"`;
